[    0.000000] Initializing cgroup subsys cpuset
[    0.000000] Initializing cgroup subsys cpu
[    0.000000] Initializing cgroup subsys cpuacct
[    0.000000] Linux version 4.4.0-210-generic (buildd@lgw01-amd64-009) (gcc version 5.4.0 20160609 (Ubuntu 5.4.0-6ubuntu1~16.04.12) ) #242-Ubuntu SMP Fri Apr 16 09:57:56 UTC 2021 (Ubuntu 4.4.0-210.242-generic 4.4.262)
[    0.000000] Command line: BOOT_IMAGE=/boot/vmlinuz-4.4.0-210-generic root=LABEL=cloudimg-rootfs ro console=tty1 console=ttyS0
[    0.000000] KERNEL supported cpus:
[    0.000000]   Intel GenuineIntel
[    0.000000]   AMD AuthenticAMD
[    0.000000]   Centaur CentaurHauls
[    0.000000] x86/fpu: Legacy x87 FPU detected.
[    0.000000] e820: BIOS-provided physical RAM map:
[    0.000000] BIOS-e820: [mem 0x0000000000000000-0x000000000009fbff] usable
[    0.000000] BIOS-e820: [mem 0x000000000009fc00-0x000000000009ffff] reserved
[    0.000000] BIOS-e820: [mem 0x00000000000f0000-0x00000000000fffff] reserved
[    0.000000] BIOS-e820: [mem 0x0000000000100000-0x000000003ffeffff] usable
[    0.000000] BIOS-e820: [mem 0x000000003fff0000-0x000000003fffffff] ACPI data
[    0.000000] BIOS-e820: [mem 0x00000000fec00000-0x00000000fec00fff] reserved
[    0.000000] BIOS-e820: [mem 0x00000000fee00000-0x00000000fee00fff] reserved
[    0.000000] BIOS-e820: [mem 0x00000000fffc0000-0x00000000ffffffff] reserved
[    0.000000] NX (Execute Disable) protection: active
[    0.000000] SMBIOS 2.5 present.
[    0.000000] Hypervisor detected: KVM
[    0.000000] e820: last_pfn = 0x3fff0 max_arch_pfn = 0x400000000
[    0.000000] MTRR: Disabled
[    0.000000] x86/PAT: MTRRs disabled, skipping PAT initialization too.
[    0.000000] CPU MTRRs all blank - virtualized system.
[    0.000000] x86/PAT: Configuration [0-7]: WB  WT  UC- UC  WB  WT  UC- UC  
[    0.000000] found SMP MP-table at [mem 0x0009fff0-0x0009ffff] mapped at [ffff88000009fff0]
[    0.000000] Scanning 1 areas for low memory corruption
[    0.000000] RAMDISK: [mem 0x362dc000-0x37165fff]
[    0.000000] ACPI: Early table checksum verification disabled
[    0.000000] ACPI: RSDP 0x00000000000E0000 000024 (v02 VBOX  )
[    0.000000] ACPI: XSDT 0x000000003FFF0030 00003C (v01 VBOX   VBOXXSDT 00000001 ASL  00000061)
[    0.000000] ACPI: FACP 0x000000003FFF00F0 0000F4 (v04 VBOX   VBOXFACP 00000001 ASL  00000061)
[    0.000000] ACPI: DSDT 0x000000003FFF0610 002353 (v02 VBOX   VBOXBIOS 00000002 INTL 20220331)
[    0.000000] ACPI: FACS 0x000000003FFF0200 000040
[    0.000000] ACPI: FACS 0x000000003FFF0200 000040
[    0.000000] ACPI: APIC 0x000000003FFF0240 00005C (v02 VBOX   VBOXAPIC 00000001 ASL  00000061)
[    0.000000] ACPI: SSDT 0x000000003FFF02A0 00036C (v01 VBOX   VBOXCPUT 00000002 INTL 20220331)
[    0.000000] No NUMA configuration found
[    0.000000] Faking a node at [mem 0x0000000000000000-0x000000003ffeffff]
[    0.000000] NODE_DATA(0) allocated [mem 0x3ffeb000-0x3ffeffff]
[    0.000000] kvm-clock: Using msrs 4b564d01 and 4b564d00
[    0.000000] kvm-clock: cpu 0, msr 0:3ffe3001, primary cpu clock
[    0.000000] kvm-clock: using sched offset of 15581762701 cycles
[    0.000000] clocksource: kvm-clock: mask: 0xffffffffffffffff max_cycles: 0x1cd42e4dffb, max_idle_ns: 881590591483 ns
[    0.000000] Zone ranges:
[    0.000000]   DMA      [mem 0x0000000000001000-0x0000000000ffffff]
[    0.000000]   DMA32    [mem 0x0000000001000000-0x000000003ffeffff]
[    0.000000]   Normal   empty
[    0.000000]   Device   empty
[    0.000000] Movable zone start for each node
[    0.000000] Early memory node ranges
[    0.000000]   node   0: [mem 0x0000000000001000-0x000000000009efff]
[    0.000000]   node   0: [mem 0x0000000000100000-0x000000003ffeffff]
[    0.000000] Initmem setup node 0 [mem 0x0000000000001000-0x000000003ffeffff]
[    0.000000] ACPI: PM-Timer IO Port: 0x4008
[    0.000000] IOAPIC[0]: apic_id 2, version 32, address 0xfec00000, GSI 0-23
[    0.000000] ACPI: INT_SRC_OVR (bus 0 bus_irq 0 global_irq 2 dfl dfl)
[    0.000000] ACPI: INT_SRC_OVR (bus 0 bus_irq 9 global_irq 9 low level)
[    0.000000] Using ACPI (MADT) for SMP configuration information
[    0.000000] smpboot: Allowing 2 CPUs, 0 hotplug CPUs
[    0.000000] PM: Registered nosave memory: [mem 0x00000000-0x00000fff]
[    0.000000] PM: Registered nosave memory: [mem 0x0009f000-0x0009ffff]
[    0.000000] PM: Registered nosave memory: [mem 0x000a0000-0x000effff]
[    0.000000] PM: Registered nosave memory: [mem 0x000f0000-0x000fffff]
[    0.000000] e820: [mem 0x40000000-0xfebfffff] available for PCI devices
[    0.000000] Booting paravirtualized kernel on KVM
[    0.000000] clocksource: refined-jiffies: mask: 0xffffffff max_cycles: 0xffffffff, max_idle_ns: 7645519600211568 ns
[    0.000000] setup_percpu: NR_CPUS:512 nr_cpumask_bits:512 nr_cpu_ids:2 nr_node_ids:1
[    0.000000] PERCPU: Embedded 33 pages/cpu @ffff88003fc00000 s95192 r8192 d31784 u1048576
[    0.000000] Built 1 zonelists in Node order, mobility grouping on.  Total pages: 257912
[    0.000000] Policy zone: DMA32
[    0.000000] Kernel command line: BOOT_IMAGE=/boot/vmlinuz-4.4.0-210-generic root=LABEL=cloudimg-rootfs ro console=tty1 console=ttyS0
[    0.000000] PID hash table entries: 4096 (order: 3, 32768 bytes)
[    0.000000] Memory: 997792K/1048120K available (8644K kernel code, 1332K rwdata, 4044K rodata, 1492K init, 1164K bss, 50328K reserved, 0K cma-reserved)
[    0.000000] SLUB: HWalign=64, Order=0-3, MinObjects=0, CPUs=2, Nodes=1
[    0.000000] Kernel/User page tables isolation: enabled
[    0.000000] Hierarchical RCU implementation.
[    0.000000] 	Build-time adjustment of leaf fanout to 64.
[    0.000000] 	RCU restricting CPUs from NR_CPUS=512 to nr_cpu_ids=2.
[    0.000000] RCU: Adjusting geometry for rcu_fanout_leaf=64, nr_cpu_ids=2
[    0.000000] NR_IRQS:33024 nr_irqs:440 16
[    0.000000] Console: colour VGA+ 80x25
[    0.000000] console [tty1] enabled
[    0.000000] console [ttyS0] enabled
[    0.000000] tsc: Detected 24.007 MHz processor
[    0.936999] Calibrating delay loop (skipped) preset value.. 48.01 BogoMIPS (lpj=96028)
[    0.937759] pid_max: default: 32768 minimum: 301
[    0.938223] ACPI: Core revision 20150930
[    1.028913] ACPI: 2 ACPI AML tables successfully acquired and loaded
[    1.030883] Security Framework initialized
[    1.031229] Yama: becoming mindful.
[    1.031878] AppArmor: AppArmor initialized
[    1.037559] Dentry cache hash table entries: 131072 (order: 8, 1048576 bytes)
[    1.054080] Inode-cache hash table entries: 65536 (order: 7, 524288 bytes)
[    1.062281] Mount-cache hash table entries: 2048 (order: 2, 16384 bytes)
[    1.063215] Mountpoint-cache hash table entries: 2048 (order: 2, 16384 bytes)
[    1.070170] Initializing cgroup subsys io
[    1.070603] Initializing cgroup subsys memory
[    1.071084] Initializing cgroup subsys devices
[    1.071440] Initializing cgroup subsys freezer
[    1.071891] Initializing cgroup subsys net_cls
[    1.072335] Initializing cgroup subsys perf_event
[    1.072708] Initializing cgroup subsys net_prio
[    1.073279] Initializing cgroup subsys hugetlb
[    1.073608] Initializing cgroup subsys pids
[    1.074394] mce: CPU supports 0 MCE banks
[    1.074840] Last level iTLB entries: 4KB 64, 2MB 8, 4MB 8
[    1.075606] Last level dTLB entries: 4KB 64, 2MB 0, 4MB 0, 1GB 4
[    1.076172] Spectre V1 : Mitigation: usercopy/swapgs barriers and __user pointer sanitization
[    1.077110] Spectre V2 : Mitigation: Full generic retpoline
[    1.077567] Spectre V2 : Spectre v2 / SpectreRSB mitigation: Filling RSB on context switch
[    1.078174] Speculative Store Bypass: Vulnerable
[    1.079265] MDS: Vulnerable: Clear CPU buffers attempted, no microcode
[    1.086544] Freeing SMP alternatives memory: 36K
[    1.105165] ftrace: allocating 32380 entries in 127 pages
[    1.736806] smpboot: APIC(0) Converting physical 0 to logical package 0
[    1.737716] smpboot: Max logical packages: 1
[    1.738200] x2apic enabled
[    1.738551] Switched APIC routing to physical x2apic.
[    1.740569] ..TIMER: vector=0x30 apic1=0 pin1=2 apic2=-1 pin2=-1
[    1.849209] smpboot: CPU0: Intel(R) Core(TM) i7-6700K CPU @ 4.00GHz (family: 0x6, model: 0x5e, stepping: 0x3)
[    1.850571] Performance Events: unsupported p6 CPU model 94 no PMU driver, software events only.
[    1.906399] KVM setup paravirtual spinlock
[    1.925680] x86: Booting SMP configuration:
[    1.926514] .... node  #0, CPUs:      #1
[    1.927587] kvm-clock: cpu 1, msr 0:3ffe3041, secondary cpu clock
[    1.928717] mce: CPU supports 0 MCE banks
[    1.932361] x86: Booted up 1 node, 2 CPUs
[    1.933009] smpboot: Total of 2 processors activated (96.02 BogoMIPS)
[    1.938840] devtmpfs: initialized
[    2.102408] evm: security.selinux
[    2.102762] evm: security.SMACK64
[    2.103410] evm: security.SMACK64EXEC
[    2.103688] evm: security.SMACK64TRANSMUTE
[    2.104018] evm: security.SMACK64MMAP
[    2.104448] evm: security.ima
[    2.104715] evm: security.capability
[    2.109887] clocksource: jiffies: mask: 0xffffffff max_cycles: 0xffffffff, max_idle_ns: 7645041785100000 ns
[    2.111129] futex hash table entries: 512 (order: 3, 32768 bytes)
[    2.114024] pinctrl core: initialized pinctrl subsystem
[    2.117782] RTC time: 18:46:45, date: 07/31/23
[    2.125011] NET: Registered protocol family 16
[    2.147097] cpuidle: using governor ladder
[    2.157598] cpuidle: using governor menu
[    2.157993] PCCT header not found.
[    2.161490] ACPI: bus type PCI registered
[    2.161877] acpiphp: ACPI Hot Plug PCI Controller Driver version: 0.5
[    2.165254] PCI: Using configuration type 1 for base access
[    2.263830] ACPI: Added _OSI(Module Device)
[    2.264161] ACPI: Added _OSI(Processor Device)
[    2.264705] ACPI: Added _OSI(3.0 _SCP Extensions)
[    2.265078] ACPI: Added _OSI(Processor Aggregator Device)
[    2.291343] ACPI: Executed 1 blocks of module-level executable AML code
[    2.423975] ACPI: Interpreter enabled
[    2.424939] ACPI: (supports S0 S5)
[    2.425324] ACPI: Using IOAPIC for interrupt routing
[    2.436758] PCI: Using host bridge windows from ACPI; if necessary, use "pci=nocrs" and report a bug
[    2.642002] ACPI: PCI Root Bridge [PCI0] (domain 0000 [bus 00-ff])
[    2.642608] acpi PNP0A03:00: _OSC: OS supports [ASPM ClockPM Segments MSI]
[    2.666293] acpi PNP0A03:00: _OSC: not requesting OS control; OS requires [ExtendedConfig ASPM ClockPM MSI]
[    2.670618] acpi PNP0A03:00: fail to add MMCONFIG information, can't access extended PCI configuration space under this bridge.
[    2.679513] PCI host bridge to bus 0000:00
[    2.679984] pci_bus 0000:00: root bus resource [io  0x0000-0x0cf7 window]
[    2.680842] pci_bus 0000:00: root bus resource [io  0x0d00-0xffff window]
[    2.681433] pci_bus 0000:00: root bus resource [mem 0x000a0000-0x000bffff window]
[    2.683777] pci_bus 0000:00: root bus resource [mem 0x40000000-0xfdffffff window]
[    2.684386] pci_bus 0000:00: root bus resource [bus 00-ff]
[    2.694954] pci 0000:00:01.1: legacy IDE quirk: reg 0x10: [io  0x01f0-0x01f7]
[    2.696820] pci 0000:00:01.1: legacy IDE quirk: reg 0x14: [io  0x03f6]
[    2.697391] pci 0000:00:01.1: legacy IDE quirk: reg 0x18: [io  0x0170-0x0177]
[    2.698075] pci 0000:00:01.1: legacy IDE quirk: reg 0x1c: [io  0x0376]
[    2.719866] pci 0000:00:07.0: quirk: [io  0x4000-0x403f] claimed by PIIX4 ACPI
[    2.720946] pci 0000:00:07.0: quirk: [io  0x4100-0x410f] claimed by PIIX4 SMB
[    2.772868] ACPI: PCI Interrupt Link [LNKA] (IRQs 5 9 10 *11)
[    2.785591] ACPI: PCI Interrupt Link [LNKB] (IRQs 5 9 *10 11)
[    2.789453] ACPI: PCI Interrupt Link [LNKC] (IRQs 5 *9 10 11)
[    2.794069] ACPI: PCI Interrupt Link [LNKD] (IRQs 5 9 10 *11)
[    2.798181] ACPI: Enabled 2 GPEs in block 00 to 07
[    2.802609] vgaarb: setting as boot device: PCI:0000:00:02.0
[    2.803030] vgaarb: device added: PCI:0000:00:02.0,decodes=io+mem,owns=io+mem,locks=none
[    2.804069] vgaarb: loaded
[    2.804677] vgaarb: bridge control possible 0000:00:02.0
[    2.817739] SCSI subsystem initialized
[    2.820505] ACPI: bus type USB registered
[    2.821878] usbcore: registered new interface driver usbfs
[    2.822745] usbcore: registered new interface driver hub
[    2.823578] usbcore: registered new device driver usb
[    2.833098] PCI: Using ACPI for IRQ routing
[    2.840111] NetLabel: Initializing
[    2.840845] NetLabel:  domain hash size = 128
[    2.841242] NetLabel:  protocols = UNLABELED CIPSOv4
[    2.842123] NetLabel:  unlabeled traffic allowed by default
[    2.845808] amd_nb: Cannot enumerate AMD northbridges
[    2.847227] clocksource: Switched to clocksource kvm-clock
[    3.222477] AppArmor: AppArmor Filesystem Enabled
[    3.225700] pnp: PnP ACPI init
[    3.255509] pnp: PnP ACPI: found 3 devices
[    3.340006] clocksource: acpi_pm: mask: 0xffffff max_cycles: 0xffffff, max_idle_ns: 2085701024 ns
[    3.342592] NET: Registered protocol family 2
[    3.348874] TCP established hash table entries: 8192 (order: 4, 65536 bytes)
[    3.350951] TCP bind hash table entries: 8192 (order: 5, 131072 bytes)
[    3.354358] TCP: Hash tables configured (established 8192 bind 8192)
[    3.355286] UDP hash table entries: 512 (order: 2, 16384 bytes)
[    3.356253] UDP-Lite hash table entries: 512 (order: 2, 16384 bytes)
[    3.358092] NET: Registered protocol family 1
[    3.359081] pci 0000:00:00.0: Limiting direct PCI/PCI transfers
[    3.359717] pci 0000:00:01.0: Activating ISA DMA hang workarounds
[    3.362404] Unpacking initramfs...
[   13.578520] Freeing initrd memory: 14888K
[   13.581550] clocksource: tsc: mask: 0xffffffffffffffff max_cycles: 0x589686b4a, max_idle_ns: 440795203344 ns
[   13.583317] platform rtc_cmos: registered platform RTC device (no PNP device found)
[   13.585473] Scanning for low memory corruption every 60 seconds
[   13.597822] audit: initializing netlink subsys (disabled)
[   13.598583] audit: type=2000 audit(1690829235.439:1): initialized
[   13.611542] Initialise system trusted keyring
[   13.614879] HugeTLB registered 2 MB page size, pre-allocated 0 pages
[   13.709770] zbud: loaded
[   13.720924] VFS: Disk quotas dquot_6.6.0
[   13.722862] VFS: Dquot-cache hash table entries: 512 (order 0, 4096 bytes)
[   13.738337] squashfs: version 4.0 (2009/01/31) Phillip Lougher
[   13.753029] fuse init (API version 7.23)
[   13.761448] Key type big_key registered
[   13.762879] Allocating IMA MOK and blacklist keyrings.
[   13.781262] Key type asymmetric registered
[   13.781801] Asymmetric key parser 'x509' registered
[   13.784269] Block layer SCSI generic (bsg) driver version 0.4 loaded (major 249)
[   13.785910] io scheduler noop registered
[   13.786357] io scheduler deadline registered (default)
[   13.789306] io scheduler cfq registered
[   13.793828] pci_hotplug: PCI Hot Plug PCI Core version: 0.5
[   13.794823] pciehp: PCI Express Hot Plug Controller Driver version: 0.4
[   13.800865] ACPI: AC Adapter [AC] (off-line)
[   13.803681] input: Power Button as /devices/LNXSYSTM:00/LNXPWRBN:00/input/input0
[   13.804444] ACPI: Power Button [PWRF]
[   13.806965] input: Sleep Button as /devices/LNXSYSTM:00/LNXSLPBN:00/input/input1
[   13.807801] ACPI: Sleep Button [SLPF]
[   13.814064] GHES: HEST is not enabled!
[   13.818838] Serial: 8250/16550 driver, 32 ports, IRQ sharing enabled
[   13.837605] ACPI: Battery Slot [BAT0] (battery present)
[   13.840731] 00:02: ttyS0 at I/O 0x3f8 (irq = 4, base_baud = 115200) is a 16550A
[   13.909020] Linux agpgart interface v0.103
[   13.972723] loop: module loaded
[   13.991788] scsi host0: ata_piix
[   13.995580] scsi host1: ata_piix
[   13.997788] ata1: PATA max UDMA/33 cmd 0x1f0 ctl 0x3f6 bmdma 0xd000 irq 14
[   13.998223] ata2: PATA max UDMA/33 cmd 0x170 ctl 0x376 bmdma 0xd008 irq 15
[   14.003200] libphy: Fixed MDIO Bus: probed
[   14.003773] tun: Universal TUN/TAP device driver, 1.6
[   14.004444] tun: (C) 1999-2004 Max Krasnyansky <maxk@qualcomm.com>
[   14.006698] PPP generic driver version 2.4.2
[   14.009393] ehci_hcd: USB 2.0 'Enhanced' Host Controller (EHCI) Driver
[   14.010349] ehci-pci: EHCI PCI platform driver
[   14.011166] ehci-platform: EHCI generic platform driver
[   14.012037] ohci_hcd: USB 1.1 'Open' Host Controller (OHCI) Driver
[   14.012893] ohci-pci: OHCI PCI platform driver
[   14.013706] ohci-platform: OHCI generic platform driver
[   14.015246] uhci_hcd: USB Universal Host Controller Interface driver
[   14.018367] i8042: PNP: PS/2 Controller [PNP0303:PS2K,PNP0f03:PS2M] at 0x60,0x64 irq 1,12
[   14.021036] serio: i8042 KBD port at 0x60,0x64 irq 1
[   14.021854] serio: i8042 AUX port at 0x60,0x64 irq 12
[   14.028830] mousedev: PS/2 mouse device common for all mice
[   14.038327] input: AT Translated Set 2 keyboard as /devices/platform/i8042/serio0/input/input2
[   14.040194] rtc_cmos rtc_cmos: rtc core: registered rtc_cmos as rtc0
[   14.041249] rtc_cmos rtc_cmos: alarms up to one day, 114 bytes nvram
[   14.042114] i2c /dev entries driver
[   14.044636] device-mapper: uevent: version 1.0.3
[   14.048358] device-mapper: ioctl: 4.34.0-ioctl (2015-10-28) initialised: dm-devel@redhat.com
[   14.049623] ledtrig-cpu: registered to indicate activity on CPUs
[   14.063548] NET: Registered protocol family 10
[   14.069615] NET: Registered protocol family 17
[   14.070351] Key type dns_resolver registered
[   14.082487] registered taskstats version 1
[   14.083283] Loading compiled-in X.509 certificates
[   14.141163] Loaded X.509 cert 'Build time autogenerated kernel key: cf00e047681d67edb2720680708b7d9498083038'
[   14.142596] zswap: loaded using pool lzo/zbud
